[dotenv@17.2.3] injecting env (0) from .env -- tip: 🔄 add secrets lifecycle management: https://dotenvx.com/ops
🔢 开始更新 chunks embedding...

📡 使用代理: http://127.0.0.1:9090
⏱️  超时设置: 10 分钟

📊 找到 39 个 chunks 需要处理

[1/39] 处理: feasibility-matrix.json_full...
  ❌ 失败: Invalid embedding response
[2/39] 处理: user-personas.json_full...
  ❌ 失败: Invalid embedding response
[3/39] 处理: climate.json_full...
  ❌ 失败: Invalid embedding response
[4/39] 处理: seasonal-features.json_full...
  ❌ 失败: Invalid embedding response
[5/39] 处理: terrain.json_full...
  ❌ 失败: Invalid embedding response
[6/39] 处理: services.json_full...
  ❌ 失败: Invalid embedding response
[7/39] 处理: supplies.json_full...
  ❌ 失败: Invalid embedding response
[8/39] 处理: car-rental-guide.json_pickup_process...
  ❌ 失败: Invalid embedding response
[9/39] 处理: car-rental-guide.json_overview...
  ❌ 失败: Invalid embedding response
[10/39] 处理: car-rental-guide.json_rental_companies...
  ❌ 失败: Invalid embedding response
[11/39] 处理: car-rental-guide.json_vehicle_types...
  ❌ 失败: Invalid embedding response
[12/39] 处理: car-rental-guide.json_insurance_breakdown...
  ❌ 失败: Invalid embedding response
[13/39] 处理: car-rental-guide.json_driving_rules...
  ❌ 失败: Invalid embedding response
[14/39] 处理: car-rental-guide.json_return_process...
  ❌ 失败: Invalid embedding response
[15/39] 处理: car-rental-guide.json_cost_planning...
  ❌ 失败: Invalid embedding response
[16/39] 处理: rhythm-patterns.json_adventure_challenge_2...
  ❌ 失败: Invalid embedding response
[17/39] 处理: rhythm-patterns.json_photography_pursuit_4...
  ❌ 失败: Invalid embedding response
[18/39] 处理: rhythm-patterns.json_scenic_exploration_1...
  ❌ 失败: Invalid embedding response
[19/39] 处理: rhythm-patterns.json_cultural_immersion_3...
  ❌ 失败: Invalid embedding response
[20/39] 处理: rhythm-patterns.json_relaxed_sightseeing_0...
  ❌ 失败: Invalid embedding response
[21/39] 处理: rhythm-patterns.json_family_friendly_5...
  ❌ 失败: Invalid embedding response
[22/39] 处理: accommodations.json_full...
  ❌ 失败: Invalid embedding response
[23/39] 处理: attractions.json_full...
  ❌ 失败: Invalid embedding response
[24/39] 处理: local-rules.json_rule_env_004...
  ❌ 失败: Invalid embedding response
[25/39] 处理: local-rules.json_rule_env_005...
  ❌ 失败: Invalid embedding response
[26/39] 处理: local-rules.json_rule_env_001...
  ❌ 失败: Invalid embedding response
[27/39] 处理: local-rules.json_rule_env_002...
  ❌ 失败: Invalid embedding response
[28/39] 处理: local-rules.json_rule_env_003...
  ❌ 失败: Invalid embedding response
[29/39] 处理: packing-guide.json_full...
  ❌ 失败: Invalid embedding response
[30/39] 处理: accessibility.json_full...
  ❌ 失败: Invalid embedding response
[31/39] 处理: safety-alerts.json_full...
  ❌ 失败: Invalid embedding response
[32/39] 处理: terrain-risks.json_full...
  ❌ 失败: Invalid embedding response
[33/39] 处理: weather-risks.json_full...
  ❌ 失败: Invalid embedding response
[34/39] 处理: golden-circle.json_full...
  ❌ 失败: Invalid embedding response
[35/39] 处理: highlands.json_full...
  ❌ 失败: Invalid embedding response
[36/39] 处理: ring-road-full.json_full...
  ❌ 失败: Invalid embedding response
[37/39] 处理: ring-road-south.json_full...
  ❌ 失败: Invalid embedding response
[38/39] 处理: snaefellsnes.json_full...
  ❌ 失败: Invalid embedding response
[39/39] 处理: westfjords.json_full...
  ❌ 失败: Invalid embedding response

📊 更新统计:
  - 成功: 0
  - 失败: 39
  - 总计: 39

✅ 向量更新完成
